// Jest Snapshot v1, https://goo.gl/fbAQLP

exports[`Input component should render component 1`] = `
<div
  className="input__main_wrapper"
>
  <div
    className="input_label__wrapper"
  >
    <label
      htmlFor="nameField"
    >
      labelTest
    </label>
  </div>
  <div
    className="input__wrapper"
  >
    <input
      className="input  "
      id="nameField"
      name="nameField"
      onBlur={[MockFunction]}
      onChange={[Function]}
      onFocus={null}
      placeholder=""
      type="text"
    />
    <div
      className="input__error_msg_wrapper "
    />
  </div>
</div>
`;
