// Jest Snapshot v1, https://goo.gl/fbAQLP

exports[`Button component snapshot should render component 1`] = `
<div
  className="button__wrapper"
>
  <button
    className="button_default button_primary"
    disabled={false}
    onClick={null}
    type="button"
  >
    <span>
      Test
    </span>
  </button>
</div>
`;
