// Jest Snapshot v1, https://goo.gl/fbAQLP

exports[`App component should render component 1`] = `
<main
  className="app"
>
  <div
    className="app_logo_wrapper"
  >
    <div>
      <img
        alt="Zarego"
        className="zarego_logo"
        onClick={[Function]}
        src="logo.png"
      />
    </div>
  </div>
  <div
    className="popup__overlay popup__overlay_show"
    onClick={[Function]}
    role="dialog"
  >
    <div
      aria-hidden={true}
      className="popup__wrapper"
      onClick={[Function]}
    >
      <h1>
        Popup content
      </h1>
      <div
        style={
          Object {
            "padding": "5rem",
          }
        }
      >
        <form
          onSubmit={[Function]}
        >
          <div
            className="input__main_wrapper"
          >
            <div
              className="input_label__wrapper"
            >
              <label
                htmlFor="inputl"
              >
                inputl
              </label>
            </div>
            <div
              className="input__wrapper"
            >
              <input
                className="input  "
                id="inputl"
                name="inputl"
                onBlur={[Function]}
                onChange={[Function]}
                onFocus={null}
                placeholder=""
                type="text"
              />
              <div
                className="input__error_msg_wrapper"
              />
            </div>
          </div>
          <div
            className="dropdown_select__wrapper"
          >
            <div
              className="select_label__wrapper"
            >
              <label
                className="select_label"
                htmlFor="Admision type"
              >
                Admision type
              </label>
            </div>
            <div
              className="select__wrapper"
            >
              <select
                className="select "
                id="Admision type"
                name="Admision type"
                onBlur={[Function]}
                onChange={[Function]}
              >
                <option
                  className="select_option"
                  value="Freshman Student"
                >
                  Freshman Student
                </option>
                <option
                  className="select_option"
                  value="Transfer Student"
                >
                  Transfer Student
                </option>
                <option
                  className="select_option"
                  value="Graduate Student"
                >
                  Graduate Student
                </option>
                <option
                  className="select_option"
                  value="International Student"
                >
                  International Student
                </option>
              </select>
            </div>
          </div>
          <input
            type="submit"
          />
        </form>
      </div>
    </div>
  </div>
</main>
`;
